[    0.000000] Linux version 4.15.0-212-generic (buildd@lcy02-amd64-083) (gcc version 7.5.0 (Ubuntu 7.5.0-3ubuntu1~18.04)) #223-Ubuntu SMP Tue May 23 13:09:22 UTC 2023 (Ubuntu 4.15.0-212.223-generic 4.15.18)
[    0.000000] Command line: BOOT_IMAGE=/boot/vmlinuz-4.15.0-212-generic root=LABEL=cloudimg-rootfs ro console=tty1 console=ttyS0
[    0.000000] KERNEL supported cpus:
[    0.000000]   Intel GenuineIntel
[    0.000000]   AMD AuthenticAMD
[    0.000000]   Centaur CentaurHauls
[    0.000000] x86/fpu: Supporting XSAVE feature 0x001: 'x87 floating point registers'
[    0.000000] x86/fpu: Supporting XSAVE feature 0x002: 'SSE registers'
[    0.000000] x86/fpu: Enabled xstate features 0x3, context size is 576 bytes, using 'standard' format.
[    0.000000] e820: BIOS-provided physical RAM map:
[    0.000000] BIOS-e820: [mem 0x0000000000000000-0x000000000009fbff] usable
[    0.000000] BIOS-e820: [mem 0x000000000009fc00-0x000000000009ffff] reserved
[    0.000000] BIOS-e820: [mem 0x00000000000f0000-0x00000000000fffff] reserved
[    0.000000] BIOS-e820: [mem 0x0000000000100000-0x000000003ffeffff] usable
[    0.000000] BIOS-e820: [mem 0x000000003fff0000-0x000000003fffffff] ACPI data
[    0.000000] BIOS-e820: [mem 0x00000000fec00000-0x00000000fec00fff] reserved
[    0.000000] BIOS-e820: [mem 0x00000000fee00000-0x00000000fee00fff] reserved
[    0.000000] BIOS-e820: [mem 0x00000000fffc0000-0x00000000ffffffff] reserved
[    0.000000] NX (Execute Disable) protection: active
[    0.000000] SMBIOS 2.5 present.
[    0.000000] DMI: innotek GmbH VirtualBox/VirtualBox, BIOS VirtualBox 12/01/2006
[    0.000000] Hypervisor detected: KVM
[    0.000000] e820: last_pfn = 0x3fff0 max_arch_pfn = 0x400000000
[    0.000000] x86/PAT: Configuration [0-7]: WB  WC  UC- UC  WB  WP  UC- WT  
[    0.000000] found SMP MP-table at [mem 0x0009fbf0-0x0009fbff]
[    0.000000] Scanning 1 areas for low memory corruption
[    0.000000] RAMDISK: [mem 0x359cb000-0x36cdcfff]
[    0.000000] ACPI: Early table checksum verification disabled
[    0.000000] ACPI: RSDP 0x00000000000E0000 000024 (v02 VBOX  )
[    0.000000] ACPI: XSDT 0x000000003FFF0030 00003C (v01 VBOX   VBOXXSDT 00000001 ASL  00000061)
[    0.000000] ACPI: FACP 0x000000003FFF00F0 0000F4 (v04 VBOX   VBOXFACP 00000001 ASL  00000061)
[    0.000000] ACPI: DSDT 0x000000003FFF02F0 002353 (v02 VBOX   VBOXBIOS 00000002 VBOX 000298F4)
[    0.000000] ACPI: FACS 0x000000003FFF0200 000040
[    0.000000] ACPI: FACS 0x000000003FFF0200 000040
[    0.000000] ACPI: APIC 0x000000003FFF0240 00005C (v02 VBOX   VBOXAPIC 00000001 ASL  00000061)
[    0.000000] ACPI: SSDT 0x000000003FFF02A0 000045 (v01 VBOX   VBOXCPUT 00000002 VBOX 000298F4)
[    0.000000] ACPI: Reserving FACP table memory at [mem 0x3fff00f0-0x3fff01e3]
[    0.000000] ACPI: Reserving DSDT table memory at [mem 0x3fff02f0-0x3fff2642]
[    0.000000] ACPI: Reserving FACS table memory at [mem 0x3fff0200-0x3fff023f]
[    0.000000] ACPI: Reserving FACS table memory at [mem 0x3fff0200-0x3fff023f]
[    0.000000] ACPI: Reserving APIC table memory at [mem 0x3fff0240-0x3fff029b]
[    0.000000] ACPI: Reserving SSDT table memory at [mem 0x3fff02a0-0x3fff02e4]
[    0.000000] No NUMA configuration found
[    0.000000] Faking a node at [mem 0x0000000000000000-0x000000003ffeffff]
[    0.000000] NODE_DATA(0) allocated [mem 0x3ffc5000-0x3ffeffff]
[    0.000000] kvm-clock: cpu 0, msr 0:3ff44001, primary cpu clock
[    0.000000] kvm-clock: Using msrs 4b564d01 and 4b564d00
[    0.000000] kvm-clock: using sched offset of 3259656446 cycles
[    0.000000] clocksource: kvm-clock: mask: 0xffffffffffffffff max_cycles: 0x1cd42e4dffb, max_idle_ns: 881590591483 ns
[    0.000000] Zone ranges:
[    0.000000]   DMA      [mem 0x0000000000001000-0x0000000000ffffff]
[    0.000000]   DMA32    [mem 0x0000000001000000-0x000000003ffeffff]
[    0.000000]   Normal   empty
[    0.000000]   Device   empty
[    0.000000] Movable zone start for each node
[    0.000000] Early memory node ranges
[    0.000000]   node   0: [mem 0x0000000000001000-0x000000000009efff]
[    0.000000]   node   0: [mem 0x0000000000100000-0x000000003ffeffff]
[    0.000000] Reserved but unavailable: 104 pages
[    0.000000] Initmem setup node 0 [mem 0x0000000000001000-0x000000003ffeffff]
[    0.000000] ACPI: PM-Timer IO Port: 0x4008
[    0.000000] IOAPIC[0]: apic_id 2, version 32, address 0xfec00000, GSI 0-23
[    0.000000] ACPI: INT_SRC_OVR (bus 0 bus_irq 0 global_irq 2 dfl dfl)
[    0.000000] ACPI: INT_SRC_OVR (bus 0 bus_irq 9 global_irq 9 low level)
[    0.000000] Using ACPI (MADT) for SMP configuration information
[    0.000000] smpboot: Allowing 2 CPUs, 0 hotplug CPUs
[    0.000000] PM: Registered nosave memory: [mem 0x00000000-0x00000fff]
[    0.000000] PM: Registered nosave memory: [mem 0x0009f000-0x0009ffff]
[    0.000000] PM: Registered nosave memory: [mem 0x000a0000-0x000effff]
[    0.000000] PM: Registered nosave memory: [mem 0x000f0000-0x000fffff]
[    0.000000] e820: [mem 0x40000000-0xfebfffff] available for PCI devices
[    0.000000] Booting paravirtualized kernel on KVM
[    0.000000] clocksource: refined-jiffies: mask: 0xffffffff max_cycles: 0xffffffff, max_idle_ns: 7645519600211568 ns
[    0.000000] setup_percpu: NR_CPUS:8192 nr_cpumask_bits:2 nr_cpu_ids:2 nr_node_ids:1
[    0.000000] percpu: Embedded 50 pages/cpu s167936 r8192 d28672 u1048576
[    0.000000] PV qspinlock hash table entries: 256 (order: 0, 4096 bytes)
[    0.000000] Built 1 zonelists, mobility grouping on.  Total pages: 257913
[    0.000000] Policy zone: DMA32
[    0.000000] Kernel command line: BOOT_IMAGE=/boot/vmlinuz-4.15.0-212-generic root=LABEL=cloudimg-rootfs ro console=tty1 console=ttyS0
[    0.000000] Memory: 982644K/1048120K available (12300K kernel code, 2477K rwdata, 4324K rodata, 2480K init, 2720K bss, 65476K reserved, 0K cma-reserved)
[    0.000000] SLUB: HWalign=64, Order=0-3, MinObjects=0, CPUs=2, Nodes=1
[    0.000000] ftrace: allocating 39508 entries in 155 pages
[    0.004000] Hierarchical RCU implementation.
[    0.004000] 	RCU restricting CPUs from NR_CPUS=8192 to nr_cpu_ids=2.
[    0.004000] 	Tasks RCU enabled.
[    0.004000] RCU: Adjusting geometry for rcu_fanout_leaf=16, nr_cpu_ids=2
[    0.004000] NR_IRQS: 524544, nr_irqs: 440, preallocated irqs: 16
[    0.004000] random: crng init done
[    0.004000] Console: colour VGA+ 80x25
[    0.004000] console [tty1] enabled
[    0.004000] console [ttyS0] enabled
[    0.004000] ACPI: Core revision 20170831
[    0.004000] ACPI: 2 ACPI AML tables successfully acquired and loaded
[    0.004000] APIC: Switch to symmetric I/O mode setup
[    0.004000] x2apic enabled
[    0.004000] Switched APIC routing to physical x2apic.
[    0.005728] ..TIMER: vector=0x30 apic1=0 pin1=2 apic2=-1 pin2=-1
[    0.008007] tsc: Detected 1996.799 MHz processor
[    0.012015] Calibrating delay loop (skipped) preset value.. 3993.59 BogoMIPS (lpj=7987196)
[    0.015521] pid_max: default: 32768 minimum: 301
[    0.016049] Security Framework initialized
[    0.018213] Yama: becoming mindful.
[    0.020054] AppArmor: AppArmor initialized
[    0.024046] Dentry cache hash table entries: 131072 (order: 8, 1048576 bytes)
[    0.027423] Inode-cache hash table entries: 65536 (order: 7, 524288 bytes)
[    0.028023] Mount-cache hash table entries: 2048 (order: 2, 16384 bytes)
[    0.032023] Mountpoint-cache hash table entries: 2048 (order: 2, 16384 bytes)
[    0.034158] Last level iTLB entries: 4KB 0, 2MB 0, 4MB 0
[    0.036008] Last level dTLB entries: 4KB 0, 2MB 0, 4MB 0, 1GB 0
[    0.037505] Spectre V1 : Mitigation: usercopy/swapgs barriers and __user pointer sanitization
[    0.040005] Spectre V2 : Mitigation: Retpolines
[    0.041073] Spectre V2 : Spectre v2 / SpectreRSB mitigation: Filling RSB on context switch
[    0.042995] Spectre V2 : Spectre v2 / SpectreRSB : Filling RSB on VMEXIT
[    0.044003] Speculative Store Bypass: Vulnerable
[    0.045159] MMIO Stale Data: Mitigation: Clear CPU buffers
[    0.046417] SRBDS: Unknown: Dependent on hypervisor status
[    0.048199] Freeing SMP alternatives memory: 36K
[    0.161044] smpboot: CPU0: Intel(R) Celeron(R) N5095 @ 2.00GHz (family: 0x6, model: 0x9c, stepping: 0x0)
[    0.163519] Performance Events: unsupported p6 CPU model 156 no PMU driver, software events only.
[    0.164065] Hierarchical SRCU implementation.
[    0.165669] NMI watchdog: Perf event create on CPU 0 failed with -2
[    0.167133] NMI watchdog: Perf NMI watchdog permanently disabled
[    0.168101] smp: Bringing up secondary CPUs ...
[    0.169330] x86: Booting SMP configuration:
[    0.170352] .... node  #0, CPUs:      #1
[    0.004000] kvm-clock: cpu 1, msr 0:3ff44041, secondary cpu clock
[    0.175653] smp: Brought up 1 node, 2 CPUs
[    0.176017] smpboot: Max logical packages: 1
[    0.177055] smpboot: Total of 2 processors activated (7987.19 BogoMIPS)
[    0.180158] devtmpfs: initialized
[    0.180924] x86/mm: Memory block size: 128MB
[    0.182112] evm: security.selinux
[    0.183722] evm: security.SMACK64
[    0.184009] evm: security.SMACK64EXEC
[    0.184983] evm: security.SMACK64TRANSMUTE
[    0.185976] evm: security.SMACK64MMAP
[    0.186871] evm: security.apparmor
[    0.188003] evm: security.ima
[    0.188762] evm: security.capability
[    0.189725] clocksource: jiffies: mask: 0xffffffff max_cycles: 0xffffffff, max_idle_ns: 7645041785100000 ns
[    0.192017] futex hash table entries: 512 (order: 3, 32768 bytes)
[    0.193488] pinctrl core: initialized pinctrl subsystem
[    0.195466] RTC time: 13:41:50, date: 10/22/25
[    0.196248] NET: Registered protocol family 16
[    0.197400] audit: initializing netlink subsys (disabled)
[    0.198714] audit: type=2000 audit(1761140515.579:1): state=initialized audit_enabled=0 res=1
[    0.200023] cpuidle: using governor ladder
[    0.201087] cpuidle: using governor menu
[    0.204078] ACPI: bus type PCI registered
[    0.205064] acpiphp: ACPI Hot Plug PCI Controller Driver version: 0.5
[    0.206662] PCI: Using configuration type 1 for base access
[    0.209118] HugeTLB registered 2.00 MiB page size, pre-allocated 0 pages
[    0.209589] ACPI: Added _OSI(Module Device)
[    0.212013] ACPI: Added _OSI(Processor Device)
[    0.213166] ACPI: Added _OSI(3.0 _SCP Extensions)
[    0.214304] ACPI: Added _OSI(Processor Aggregator Device)
[    0.216005] ACPI: Added _OSI(Linux-Dell-Video)
[    0.217112] ACPI: Added _OSI(Linux-Lenovo-NV-HDMI-Audio)
[    0.218782] ACPI: Added _OSI(Linux-HPI-Hybrid-Graphics)
[    0.220408] ACPI: Executed 1 blocks of module-level executable AML code
[    0.226137] ACPI: Interpreter enabled
[    0.227078] ACPI: (supports S0 S5)
[    0.227926] ACPI: Using IOAPIC for interrupt routing
[    0.228288] PCI: Using host bridge windows from ACPI; if necessary, use "pci=nocrs" and report a bug
[    0.230570] ACPI: Enabled 2 GPEs in block 00 to 07
[    0.240526] ACPI: PCI Root Bridge [PCI0] (domain 0000 [bus 00-ff])
[    0.242023] acpi PNP0A03:00: _OSC: OS supports [ASPM ClockPM Segments MSI]
[    0.244188] acpi PNP0A03:00: _OSC: not requesting OS control; OS requires [ExtendedConfig ASPM ClockPM MSI]
[    0.246398] acpi PNP0A03:00: fail to add MMCONFIG information, can't access extended PCI configuration space under this bridge.
[    0.248486] PCI host bridge to bus 0000:00
[    0.249520] pci_bus 0000:00: root bus resource [io  0x0000-0x0cf7 window]
[    0.252010] pci_bus 0000:00: root bus resource [io  0x0d00-0xffff window]
[    0.253565] pci_bus 0000:00: root bus resource [mem 0x000a0000-0x000bffff window]
[    0.255286] pci_bus 0000:00: root bus resource [mem 0x40000000-0xfdffffff window]
[    0.256004] pci_bus 0000:00: root bus resource [bus 00-ff]
[    0.261015] pci 0000:00:01.1: legacy IDE quirk: reg 0x10: [io  0x01f0-0x01f7]
[    0.262642] pci 0000:00:01.1: legacy IDE quirk: reg 0x14: [io  0x03f6]
[    0.264004] pci 0000:00:01.1: legacy IDE quirk: reg 0x18: [io  0x0170-0x0177]
[    0.266240] pci 0000:00:01.1: legacy IDE quirk: reg 0x1c: [io  0x0376]
[    0.290034] pci 0000:00:07.0: quirk: [io  0x4000-0x403f] claimed by PIIX4 ACPI
[    0.291812] pci 0000:00:07.0: quirk: [io  0x4100-0x410f] claimed by PIIX4 SMB
[    0.309465] ACPI: PCI Interrupt Link [LNKA] (IRQs 5 9 10 *11)
[    0.311267] ACPI: PCI Interrupt Link [LNKB] (IRQs 5 9 *10 11)
[    0.312179] ACPI: PCI Interrupt Link [LNKC] (IRQs 5 *9 10 11)
[    0.313747] ACPI: PCI Interrupt Link [LNKD] (IRQs 5 9 10 *11)
[    0.316342] SCSI subsystem initialized
[    0.317781] pci 0000:00:02.0: vgaarb: setting as boot VGA device
[    0.317781] pci 0000:00:02.0: vgaarb: VGA device added: decodes=io+mem,owns=io+mem,locks=none
[    0.320016] pci 0000:00:02.0: vgaarb: bridge control possible
[    0.321345] vgaarb: loaded
[    0.322091] ACPI: bus type USB registered
[    0.324039] usbcore: registered new interface driver usbfs
[    0.325320] usbcore: registered new interface driver hub
[    0.326563] usbcore: registered new device driver usb
[    0.328072] EDAC MC: Ver: 3.0.0
[    0.329130] PCI: Using ACPI for IRQ routing
[    0.329431] NetLabel: Initializing
[    0.332010] NetLabel:  domain hash size = 128
[    0.333054] NetLabel:  protocols = UNLABELED CIPSOv4 CALIPSO
[    0.336035] NetLabel:  unlabeled traffic allowed by default
[    0.337383] clocksource: Switched to clocksource kvm-clock
[    0.350338] VFS: Disk quotas dquot_6.6.0
[    0.351916] VFS: Dquot-cache hash table entries: 512 (order 0, 4096 bytes)
[    0.353763] AppArmor: AppArmor Filesystem Enabled
[    0.354921] pnp: PnP ACPI init
[    0.357000] pnp: PnP ACPI: found 3 devices
[    0.367909] clocksource: acpi_pm: mask: 0xffffff max_cycles: 0xffffff, max_idle_ns: 2085701024 ns
[    0.370157] NET: Registered protocol family 2
[    0.371306] IP idents hash table entries: 16384 (order: 5, 131072 bytes)
[    0.373865] TCP established hash table entries: 8192 (order: 4, 65536 bytes)
[    0.375525] TCP bind hash table entries: 8192 (order: 5, 131072 bytes)
[    0.377072] TCP: Hash tables configured (established 8192 bind 8192)
[    0.378561] UDP hash table entries: 512 (order: 2, 16384 bytes)
[    0.379933] UDP-Lite hash table entries: 512 (order: 2, 16384 bytes)
[    0.381981] NET: Registered protocol family 1
[    0.383863] pci 0000:00:00.0: Limiting direct PCI/PCI transfers
[    0.385316] pci 0000:00:01.0: Activating ISA DMA hang workarounds
[    0.386801] pci 0000:00:02.0: Video device with shadowed ROM at [mem 0x000c0000-0x000dffff]
[    0.388878] Unpacking initramfs...
[    0.694915] Freeing initrd memory: 19528K
[    0.696178] clocksource: tsc: mask: 0xffffffffffffffff max_cycles: 0x3990bc5adef, max_idle_ns: 881590438240 ns
[    0.698511] platform rtc_cmos: registered platform RTC device (no PNP device found)
[    0.701911] Scanning for low memory corruption every 60 seconds
[    0.704067] Initialise system trusted keyrings
[    0.705161] Key type blacklist registered
[    0.706216] workingset: timestamp_bits=36 max_order=18 bucket_order=0
[    0.708751] zbud: loaded
[    0.710047] squashfs: version 4.0 (2009/01/31) Phillip Lougher
[    0.711634] fuse init (API version 7.26)
[    0.716316] Key type asymmetric registered
[    0.717424] Asymmetric key parser 'x509' registered
[    0.718648] Block layer SCSI generic (bsg) driver version 0.4 loaded (major 246)
[    0.721242] io scheduler noop registered
[    0.722524] io scheduler deadline registered
[    0.723662] io scheduler cfq registered (default)
[    0.725189] ACPI: AC Adapter [AC] (on-line)
[    0.726273] input: Power Button as /devices/LNXSYSTM:00/LNXPWRBN:00/input/input0
[    0.728123] ACPI: Power Button [PWRF]
[    0.729111] input: Sleep Button as /devices/LNXSYSTM:00/LNXSLPBN:00/input/input1
[    0.730840] ACPI: Sleep Button [SLPF]
[    0.733457] ACPI: Battery Slot [BAT0] (battery present)
[    0.735015] Serial: 8250/16550 driver, 32 ports, IRQ sharing enabled
[    0.757846] 00:02: ttyS0 at I/O 0x3f8 (irq = 4, base_baud = 115200) is a 16550A
[    0.762680] Linux agpgart interface v0.103
[    0.765894] loop: module loaded
[    0.767631] scsi host0: ata_piix
[    0.768684] scsi host1: ata_piix
[    0.769527] ata1: PATA max UDMA/33 cmd 0x1f0 ctl 0x3f6 bmdma 0xd000 irq 14
[    0.771088] ata2: PATA max UDMA/33 cmd 0x170 ctl 0x376 bmdma 0xd008 irq 15
[    0.772776] tun: Universal TUN/TAP device driver, 1.6
[    0.774030] PPP generic driver version 2.4.2
[    0.775105] ehci_hcd: USB 2.0 'Enhanced' Host Controller (EHCI) Driver
[    0.776623] ehci-pci: EHCI PCI platform driver
[    0.777707] ehci-platform: EHCI generic platform driver
[    0.778939] ohci_hcd: USB 1.1 'Open' Host Controller (OHCI) Driver
[    0.780357] ohci-pci: OHCI PCI platform driver
[    0.781459] ohci-platform: OHCI generic platform driver
[    0.782843] uhci_hcd: USB Universal Host Controller Interface driver
[    0.784457] i8042: PNP: PS/2 Controller [PNP0303:PS2K,PNP0f03:PS2M] at 0x60,0x64 irq 1,12
[    0.786996] serio: i8042 KBD port at 0x60,0x64 irq 1
[    0.788198] serio: i8042 AUX port at 0x60,0x64 irq 12
[    0.789554] mousedev: PS/2 mouse device common for all mice
[    0.791305] input: AT Translated Set 2 keyboard as /devices/platform/i8042/serio0/input/input2
[    0.793838] rtc_cmos rtc_cmos: rtc core: registered rtc_cmos as rtc0
[    0.795417] rtc_cmos rtc_cmos: alarms up to one day, 114 bytes nvram
[    0.796915] i2c /dev entries driver
[    0.797849] device-mapper: uevent: version 1.0.3
[    0.799534] device-mapper: ioctl: 4.37.0-ioctl (2017-09-20) initialised: dm-devel@redhat.com
[    0.801629] ledtrig-cpu: registered to indicate activity on CPUs
[    0.803501] NET: Registered protocol family 10
[    0.808916] Segment Routing with IPv6
[    0.809876] NET: Registered protocol family 17
[    0.813874] Key type dns_resolver registered
[    0.815462] mce: Using 0 MCE banks
[    0.816496] RAS: Correctable Errors collector initialized.
[    0.818048] sched_clock: Marking stable (816451036, 0)->(1109374570, -292923534)
[    0.823436] registered taskstats version 1
[    0.824508] Loading compiled-in X.509 certificates
[    0.828715] Loaded X.509 cert 'Build time autogenerated kernel key: b5b26778eaa3ab3a4a6cee031137706e947d12ad'
[    0.831793] Loaded X.509 cert 'Canonical Ltd. Live Patch Signing: 14df34d1a87cf37625abec039ef2bf521249b969'
[    0.835453] Loaded X.509 cert 'Canonical Ltd. Kernel Module Signing: 88f752e560a1e0737e31163a466ad7b70a850c19'
[    0.837801] blacklist: Loading compiled-in revocation X.509 certificates
[    0.839364] Loaded X.509 cert 'Canonical Ltd. Secure Boot Signing: 61482aa2830d0ab2ad5af10b7250da9033ddcef0'
[    0.842089] Loaded X.509 cert 'Canonical Ltd. Secure Boot Signing (2017): 242ade75ac4a15e50d50c84b0d45ff3eae707a03'
[    0.844470] Loaded X.509 cert 'Canonical Ltd. Secure Boot Signing (ESM 2018): 365188c1d374d6b07c3c8f240f8ef722433d6a8b'
[    0.846896] Loaded X.509 cert 'Canonical Ltd. Secure Boot Signing (2019): c0746fd6c5da3ae827864651ad66ae47fe24b3e8'
[    0.849618] Loaded X.509 cert 'Canonical Ltd. Secure Boot Signing (2021 v1): a8d54bbb3825cfb94fa13c9f8a594a195c107b8d'
[    0.852123] Loaded X.509 cert 'Canonical Ltd. Secure Boot Signing (2021 v2): 4cf046892d6fd3c9a5b03f98d845f90851dc6a8c'
[    0.854531] Loaded X.509 cert 'Canonical Ltd. Secure Boot Signing (2021 v3): 100437bb6de6e469b581e61cd66bce3ef4ed53af'
[    0.856965] Loaded X.509 cert 'Canonical Ltd. Secure Boot Signing (Ubuntu Core 2019): c1d57b8f6b743f23ee41f4f7ee292f06eecadfb9'
[    0.859539] zswap: loaded using pool lzo/zbud
[    0.865265] Key type big_key registered
[    0.866340] Key type trusted registered
[    0.870088] Key type encrypted registered
[    0.871247] AppArmor: AppArmor sha1 policy hashing enabled
[    0.872743] ima: No TPM chip found, activating TPM-bypass! (rc=-19)
[    0.874289] ima: Allocated hash algorithm: sha1
[    0.875441] evm: HMAC attrs: 0x1
[    0.876697]   Magic number: 13:190:686
[    0.878005] rtc_cmos rtc_cmos: setting system clock to 2025-10-22 13:41:51 UTC (1761140511)
[    0.880541] BIOS EDD facility v0.16 2004-Jun-25, 0 devices found
[    0.882183] EDD information not available.
[    0.977213] Freeing unused kernel image memory: 2480K
[    0.996195] Write protecting the kernel read-only data: 20480k
[    0.999040] Freeing unused kernel image memory: 2008K
[    1.001115] Freeing unused kernel image memory: 1820K
[    1.008895] x86/mm: Checked W+X mappings: passed, no W+X pages found.
Loading, please wait...
starting version 237
[    1.155497] Fusion MPT base driver 3.04.20
[    1.173598] Copyright (c) 1999-2008 LSI Corporation
[    1.181306] e1000: Intel(R) PRO/1000 Network Driver - version 7.3.21-k8-NAPI
[    1.183520] e1000: Copyright (c) 1999-2006 Intel Corporation.
[    1.206847] Fusion MPT SPI Host driver 3.04.20
[    1.239229] SSE version of gcm_enc/dec engaged.
[    1.402415] input: ImExPS/2 Generic Explorer Mouse as /devices/platform/i8042/serio1/input/input4
[    1.602413] e1000 0000:00:03.0 eth0: (PCI:33MHz:32-bit) 02:3b:7b:b7:3b:2d
[    1.604279] e1000 0000:00:03.0 eth0: Intel(R) PRO/1000 Network Connection
[    1.607310] mptbase: ioc0: Initiating bringup
[    1.716495] ioc0: LSI53C1030 A0: Capabilities={Initiator}
[    1.961447] scsi host2: ioc0: LSI53C1030 A0, FwRev=00000000h, Ports=1, MaxQ=256, IRQ=20
[    2.137969] scsi 2:0:0:0: Direct-Access     VBOX     HARDDISK         1.0  PQ: 0 ANSI: 5
[    2.401095] scsi target2:0:0: Beginning Domain Validation
[    2.406325] scsi target2:0:0: Domain Validation skipping write tests
[    2.414577] scsi target2:0:0: Ending Domain Validation
[    2.422173] scsi target2:0:0: asynchronous
[    2.426411] scsi 2:0:1:0: Direct-Access     VBOX     HARDDISK         1.0  PQ: 0 ANSI: 5
[    2.593939] scsi target2:0:1: Beginning Domain Validation
[    2.599001] scsi target2:0:1: Domain Validation skipping write tests
[    2.604158] scsi target2:0:1: Ending Domain Validation
[    2.611581] e1000 0000:00:08.0 eth1: (PCI:33MHz:32-bit) 08:00:27:d2:45:2a
[    2.616463] scsi target2:0:1: asynchronous
[    2.620859] e1000 0000:00:08.0 eth1: Intel(R) PRO/1000 Network Connection
[    2.634556] sd 2:0:0:0: Attached scsi generic sg0 type 0
[    2.637347] sd 2:0:0:0: [sda] 83886080 512-byte logical blocks: (42.9 GB/40.0 GiB)
[    2.637650] sd 2:0:1:0: Attached scsi generic sg1 type 0
[    2.647785] sd 2:0:0:0: [sda] Write Protect is off
[    2.654990] sd 2:0:1:0: [sdb] 20480 512-byte logical blocks: (10.5 MB/10.0 MiB)
[    2.659108] sd 2:0:0:0: [sda] Write cache: enabled, read cache: enabled, supports DPO and FUA
[    2.667678] sd 2:0:1:0: [sdb] Write Protect is off
[    2.675383]  sda: sda1
[    2.688111] sd 2:0:1:0: [sdb] Write cache: enabled, read cache: enabled, supports DPO and FUA
[    2.688916] sd 2:0:0:0: [sda] Attached SCSI disk
[    2.701844] sd 2:0:1:0: [sdb] Attached SCSI disk
[    2.714293] e1000 0000:00:03.0 enp0s3: renamed from eth0
[    2.741691] e1000 0000:00:08.0 enp0s8: renamed from eth1
Begin: Loading essential drivers ... [    4.536724] raid6: sse2x1   gen()  6319 MB/s
[    4.596950] raid6: sse2x1   xor()  6742 MB/s
[    4.644853] raid6: sse2x2   gen()  9453 MB/s
[    4.692813] raid6: sse2x2   xor()  5762 MB/s
[    4.740070] raid6: sse2x4   gen()  9889 MB/s
[    4.803189] raid6: sse2x4   xor()  7862 MB/s
[    4.804396] raid6: using algorithm sse2x4 gen() 9889 MB/s
[    4.805741] raid6: .... xor() 7862 MB/s, rmw enabled
[    4.807317] raid6: using ssse3x2 recovery algorithm
[    4.810917] xor: measuring software checksum speed
[    4.897691]    prefetch64-sse: 47756.000 MB/sec
[    4.964660]    generic_sse: 40254.000 MB/sec
[    4.966282] xor: using function: prefetch64-sse (47756.000 MB/sec)
[    4.970420] async_tx: api initialized (async)
done.
Begin: Running /scripts/init-premount ... done.
Begin: Mounting root file system ... Begin: Running /scripts/local-top ... done.
Begin: Running /scripts/local-premount ... [    5.069009] Btrfs loaded, crc32c=crc32c-intel
Scanning for Btrfs filesystems
done.
Warning: fsck not present, so skipping root file system
[    5.141489] EXT4-fs (sda1): mounted filesystem with ordered data mode. Opts: (null)
done.
Begin: Running /scripts/local-bottom ... done.
Begin: Running /scripts/init-bottom ... done.
[    5.466224] ip_tables: (C) 2000-2006 Netfilter Core Team
[    5.484491] systemd[1]: systemd 237 running in system mode. (+PAM +AUDIT +SELINUX +IMA +APPARMOR +SMACK +SYSVINIT +UTMP +LIBCRYPTSETUP +GCRYPT +GNUTLS +ACL +XZ +LZ4 +SECCOMP +BLKID +ELFUTILS +KMOD -IDN2 +IDN -PCRE2 default-hierarchy=hybrid)
[    5.492588] systemd[1]: Detected virtualization oracle.
[    5.494624] systemd[1]: Detected architecture x86-64.

Welcome to [1mUbuntu 18.04.6 LTS[0m!

[    5.518828] systemd[1]: Set hostname to <ubuntu>.
[    5.527398] systemd[1]: Initializing machine ID from random generator.
[    5.530651] systemd[1]: Installed transient /etc/machine-id file.
[    5.825446] systemd[1]: Created slice System Slice.
[[0;32m  OK  [0m] Created slice System Slice.
[    5.828160] systemd[1]: Reached target User and Group Name Lookups.
[[0;32m  OK  [0m] Reached target User and Group Name Lookups.
[    5.831889] systemd[1]: Created slice system-serial\x2dgetty.slice.
[[0;32m  OK  [0m] Created slice system-serial\x2dgetty.slice.
[    5.835336] systemd[1]: Listening on fsck to fsckd communication Socket.
[[0;32m  OK  [0m] Listening on fsck to fsckd communication Socket.
[[0;32m  OK  [0m] Listening on LVM2 poll daemon socket.
[[0;32m  OK  [0m] Listening on LVM2 metadata daemon socket.
[[0;32m  OK  [0m] Reached target Swap.
[[0;32m  OK  [0m] Created slice User and Session Slice.
[[0;32m  OK  [0m] Listening on Network Service Netlink Socket.
[[0;32m  OK  [0m] Reached target Slices.
[[0;32m  OK  [0m] Set up automount Arbitrary Executab…rmats File System Automount Point.
[[0;32m  OK  [0m] Reached target System Time Synchronized.
[[0;32m  OK  [0m] Listening on Syslog Socket.
[[0;32m  OK  [0m] Listening on udev Kernel Socket.
[[0;32m  OK  [0m] Started Forward Password Requests to Wall Directory Watch.
[[0;32m  OK  [0m] Listening on Journal Socket.
         Starting Set the console keyboard layout...
         Starting Uncomplicated firewall...
         Mounting POSIX Message Queue File System...
         Starting Create list of required st…ce nodes for the current kernel...
         Starting File System Check on Root Device...
         Mounting Huge Pages File System...
[[0;32m  OK  [0m] Listening on udev Control Socket.
         Starting udev Coldplug all Devices...
         Mounting Kernel Debug File System...
[[0;32m  OK  [0m] Reached target Mounting snaps.
[[0;32m  OK  [0m] Reached target Mounted snaps.
[[0;32m  OK  [0m] Listening on Device-mapper event daemon FIFOs.
         Starting Monitoring of LVM2 mirrors…ng dmeventd or progress polling...
[[0;32m  OK  [0m] Listening on Journal Socket (/dev/log).
[[0;32m  OK  [0m] Listening on /dev/initctl Compatibility Named Pipe.
[[0;32m  OK  [0m] Listening on Journal Audit Socket.
         Starting Journal Service...
         Starting Load Kernel Modules...
[[0;32m  OK  [0m] Started Uncomplicated firewall.
[[0;32m  OK  [0m] Mounted POSIX Message Queue File System.
[[0;32m  OK  [0m] Started Create list of required sta…vice nodes for the current kernel.
[[0;32m  OK  [0m] Mounted Huge Pages File System.
[[0;32m  OK  [0m] Mounted Kernel Debug File System.
[[0;32m  OK  [0m] Started File System Check Daemon to report status.
[[0;32m  OK  [0m] Started LVM2 metadata daemon.
         Starting Create Static Device Nodes in /dev...
[[0;32m  OK  [0m] Started File System Check on Root Device.
         Starting Remount Root and Kernel File Systems...
[    6.021659] Loading iSCSI transport class v2.0-870.
[[0;32m  OK  [0m] Started Journal Service.
[[0;32m  OK  [0m] Started udev Coldplug all Devices.
[[0;32m  OK  [0m] Started Create Static Device Nodes in /dev.
[    6.070964] EXT4-fs (sda1): re-mounted. Opts: (null)
[[0;32m  OK  [0m] Started Remount Root and Kernel File Systems.
         Starting udev Kernel Device Manager...
         Starting Flush Journal to Persistent Storage...
         Starting Load/Save Random Seed...
[[0;32m  OK  [0m] Started Monitoring of LVM2 mirrors,…sing dmeventd or progress polling.
[    6.103782] iscsi: registered transport (tcp)
[    6.124439] iscsi: registered transport (iser)
[[0;32m  OK  [0m] Started Load Kernel Modules.
         Starting Apply Kernel Variables...
         Mounting FUSE Control File System...
         Mounting Kernel Configuration File System...
[    6.148234] systemd-journald[407]: Received request to flush runtime journal from PID 1
[[0;32m  OK  [0m] Mounted FUSE Control File System.
[[0;32m  OK  [0m] Mounted Kernel Configuration File System.
[[0;32m  OK  [0m] Started udev Kernel Device Manager.
[[0;32m  OK  [0m] Started Load/Save Random Seed.
[[0;32m  OK  [0m] Started Apply Kernel Variables.
[[0;32m  OK  [0m] Started Flush Journal to Persistent Storage.
[[0;32m  OK  [0m] Found device /dev/ttyS0.
[[0;32m  OK  [0m] Listening on Load/Save RF Kill Switch Status /dev/rfkill Watch.
         Mounting Arbitrary Executable File Formats File System...
[[0;32m  OK  [0m] Mounted Arbitrary Executable File Formats File System.
[[0;32m  OK  [0m] Started Set the console keyboard layout.
[[0;32m  OK  [0m] Reached target Local File Systems (Pre).
[[0;32m  OK  [0m] Reached target Local File Systems.
         Starting AppArmor initialization...
         Starting Tell Plymouth To Write Out Runtime Data...
         Starting ebtables ruleset management...
         Starting Commit a transient machine-id on disk...
         Starting Set console font and keymap...
         Starting Create Volatile Files and Directories...
[[0;32m  OK  [0m] Started Dispatch Password Requests to Console Directory Watch.
[[0;32m  OK  [0m] Reached target Local Encrypted Volumes.
[[0;32m  OK  [0m] Started Tell Plymouth To Write Out Runtime Data.
[[0;32m  OK  [0m] Started Create Volatile Files and Directories.
         Starting Update UTMP about System Boot/Shutdown...
[[0;32m  OK  [0m] Started Commit a transient machine-id on disk.
[[0;32m  OK  [0m] Started Update UTMP about System Boot/Shutdown.
[[0;32m  OK  [0m] Started ebtables ruleset management.
[[0;32m  OK  [0m] Started AppArmor initialization.
         Starting Initial cloud-init job (pre-networking)...
         Starting Load AppArmor profiles managed internally by snapd...
[[0;32m  OK  [0m] Started Load AppArmor profiles managed internally by snapd.
[[0;32m  OK  [0m] Started Set console font and keymap.
[   10.853185] cloud-init[768]: Cloud-init v. 23.1.2-0ubuntu0~18.04.1 running 'init-local' at Wed, 22 Oct 2025 13:42:00 +0000. Up 10.26 seconds.
[[0;32m  OK  [0m] Started Initial cloud-init job (pre-networking).
[[0;32m  OK  [0m] Reached target Network (Pre).
         Starting Network Service...
[[0;32m  OK  [0m] Started Network Service.
         Starting Network Name Resolution...
         Starting Wait for Network to be Configured...
[[0;32m  OK  [0m] Started Network Name Resolution.
[[0;32m  OK  [0m] Reached target Network.
[[0;32m  OK  [0m] Reached target Host and Network Name Lookups.
[[0;32m  OK  [0m] Started Wait for Network to be Configured.
         Starting Initial cloud-init job (metadata service crawler)...
[   13.982987] cloud-init[904]: Cloud-init v. 23.1.2-0ubuntu0~18.04.1 running 'init' at Wed, 22 Oct 2025 13:42:04 +0000. Up 13.68 seconds.
[   13.989525] cloud-init[904]: ci-info: ++++++++++++++++++++++++++++++++++++++++++++Net device info++++++++++++++++++++++++++++++++++++++++++++
[   14.004495] cloud-init[904]: ci-info: +--------+-------+---------------------------------------+---------------+--------+-------------------+
[   14.013404] cloud-init[904]: ci-info: | Device |   Up  |                Address                |      Mask     | Scope  |     Hw-Address    |
[   14.036298] cloud-init[904]: ci-info: +--------+-------+---------------------------------------+---------------+--------+-------------------+
[   14.051041] cloud-init[904]: ci-info: | enp0s3 |  True |               10.0.2.15               | 255.255.255.0 | global | 02:3b:7b:b7:3b:2d |
[   14.068385] cloud-init[904]: ci-info: | enp0s3 |  True | fd17:625c:f037:2:3b:7bff:feb7:3b2d/64 |       .       | global | 02:3b:7b:b7:3b:2d |
[   14.092322] cloud-init[904]: ci-info: | enp0s3 |  True |       fe80::3b:7bff:feb7:3b2d/64      |       .       |  link  | 02:3b:7b:b7:3b:2d |
[   14.108407] cloud-init[904]: ci-info: | enp0s8 | False |                   .                   |       .       |   .    | 08:00:27:d2:45:2a |
[   14.110726] cloud-init[904]: ci-info: |   lo   |  True |               127.0.0.1               |   255.0.0.0   |  host  |         .         |
[   14.115161] cloud-init[904]: ci-info: |   lo   |  True |                ::1/128                |       .       |  host  |         .         |
[   14.120324] cloud-init[904]: ci-info: +--------+-------+---------------------------------------+---------------+--------+-------------------+
[   14.124213] cloud-init[904]: ci-info: ++++++++++++++++++++++++++++Route IPv4 info+++++++++++++++++++++++++++++
[   14.128820] cloud-init[904]: ci-info: +-------+-------------+----------+-----------------+-----------+-------+
[   14.136057] cloud-init[904]: ci-info: | Route | Destination | Gateway  |     Genmask     | Interface | Flags |
[   14.152349] cloud-init[904]: ci-info: +-------+-------------+----------+-----------------+-----------+-------+
[   14.168334] cloud-init[904]: ci-info: |   0   |   0.0.0.0   | 10.0.2.2 |     0.0.0.0     |   enp0s3  |   UG  |
[   14.171131] cloud-init[904]: ci-info: |   1   |   10.0.2.0  | 0.0.0.0  |  255.255.255.0  |   enp0s3  |   U   |
[   14.176923] cloud-init[904]: ci-info: |   2   |   10.0.2.2  | 0.0.0.0  | 255.255.255.255 |   enp0s3  |   UH  |
[   14.181518] cloud-init[904]: ci-info: +-------+-------------+----------+-----------------+-----------+-------+
[   14.194956] cloud-init[904]: ci-info: ++++++++++++++++++++++++Route IPv6 info++++++++++++++++++++++++
[   14.206206] cloud-init[904]: ci-info: +-------+-----------------------+---------+-----------+-------+
[   14.214421] cloud-init[904]: ci-info: | Route |      Destination      | Gateway | Interface | Flags |
[   14.224433] cloud-init[904]: ci-info: +-------+-----------------------+---------+-----------+-------+
[   14.229401] cloud-init[904]: ci-info: |   1   | fd17:625c:f037:2::/64 |    ::   |   enp0s3  |   U   |
[   14.231157] cloud-init[904]: ci-info: |   2   |       fe80::/64       |    ::   |   enp0s3  |   U   |
[   14.244461] cloud-init[904]: ci-info: |   3   |          ::/0         | fe80::2 |   enp0s3  |   UG  |
[   14.261175] cloud-init[904]: ci-info: |   5   |         local         |    ::   |   enp0s3  |   U   |
[   14.269845] cloud-init[904]: ci-info: |   6   |        ff00::/8       |    ::   |   enp0s3  |   U   |
[   14.285947] cloud-init[904]: ci-info: +-------+-----------------------+---------+-----------+-------+
[   15.254147] cloud-init[904]: Generating public/private rsa key pair.
[   15.255651] cloud-init[904]: Your identification has been saved in /etc/ssh/ssh_host_rsa_key.
[   15.259806] cloud-init[904]: Your public key has been saved in /etc/ssh/ssh_host_rsa_key.pub.
[   15.262280] cloud-init[904]: The key fingerprint is:
[   15.266162] cloud-init[904]: SHA256:yG2uOAU6jVv6dOHdx+1bcRkZnxiFfbB/AbNbf+45Vhg root@ubuntu-bionic
[   15.280386] cloud-init[904]: The key's randomart image is:
[   15.292441] cloud-init[904]: +---[RSA 2048]----+
[   15.304423] cloud-init[904]: |             +=+ |
[   15.306018] cloud-init[904]: |             .*o*|
[   15.307333] cloud-init[904]: |             o.*o|
[   15.308710] cloud-init[904]: |    .. o      E.=|
[   15.320425] cloud-init[904]: |   + .+ S    . =*|
[   15.321510] cloud-init[904]: |  + o..= . . ...*|
[   15.333036] cloud-init[904]: |   =..o o . o . +|
[   15.344378] cloud-init[904]: |  o..o .   . . =.|
[   15.345202] cloud-init[904]: |   .o..       +oo|
[   15.346156] cloud-init[904]: +----[SHA256]-----+
[[0;32m  OK  [0m] Started Initial cloud-init job (metadata service crawler).
[   15.353327] cloud-init[[0;32m  OK  [0m] Reached target System Initialization.
[[0;32m  OK  [0m] Started Daily apt download activities.
[[0;32m  OK  [0m] Started Discard unused blocks once a week.
[[0;32m  OK  [0m] Listening on Open-iSCSI iscsid Socket.
[[0;32m  OK  [0m] Listening on D-Bus System Message Bus Socket.
[904]: Generating public/private dsa key pair.
[   15.360957] cloud-init         Starting Socket activation for snappy daemon.
[[0;32m  OK  [0m] Started Message of the Day.
[904]: Your identification has been saved in /etc/ssh/ssh_host_dsa_key.
[[0;32m  OK  [0m] Started ACPI Events Check.
[[0;32m  OK  [0m] Listening on ACPID Listen Socket.
         Starting LXD - unix socket.
[[0;32m  OK  [0m] Reached target Paths.
[[0;32m  OK  [0m] Listening on cloud-init hotplug hook socket.
[[0;32m  OK  [0m] Started Daily Cleanup of Temporary Directories.
[[0;32m  OK  [0m] Listening on UUID daemon activation socket.
[[0;32m  OK  [0m] Started Ubuntu Advantage Timer for running repeated jobs.
[[0;32m  OK  [0m] Started Daily apt upgrade and clean activities.
[[0;32m  OK  [0m] Reached target Timers.
[[0;32m  OK  [0m] Reached target Cloud-config availability.
[[0;32m  OK  [0m] Reached target Network is Online.
[[0;32m  OK  [0m] Reached target Remote File Systems (Pre).
[[0;32m  OK  [0m] Reached target Remote File Systems.
         Starting Availability of block devices...
[[0;32m  OK  [0m] Listening on Socket activation for snappy daemon.
[[0;32m  OK  [0m] Listening on LXD - unix socket.
[[0;32m  OK  [0m] Started Availability of block devices.
[[0;32m  OK  [0m] Reached target Sockets.
[[0;32m  OK  [0m] Reached target Basic System.
[   15.367880] cloud-init[904]: Your public key has been saved in /etc/ssh/ssh_host_dsa_key.pub.
         Starting Virtualbox guest utils...
[   15.415418] cloud-init[904]: The key fingerprint is:
[   15.426053] cloud-init[904]: SHA256:goh8vEHQihPxrqJWYQwxAxtG+Yx5PvmQFLBMpvqAGow root@ubuntu-bionic
         Starting LSB: automatic crash report generation...
[   15.440698] cloud-init[904]: The key's randomart image is:
[[0;32m  OK  [0m] Started Regular background program processing daemon.
[   15.456558] cloud-init[904]: +---[DSA 1024]----+
[   15.480416]          Starting Login Service...
cloud-init[904]: |*%=              |
         Starting Accounts Service...
[   15.497171] cloud-init[904]: |B*=o             |
[   15.509307] [[0;32m  OK  [0m] Started Deferred execution scheduler.
[[0;32m  OK  [0m] Started FUSE filesystem for LXC.
cloud-init[904]: |++X..            |         Starting LSB: Record successful boot for GRUB...
         Starting System Logging Service...

[[0;32m  OK  [0m] Started D-Bus System Message Bus.
[   15.519203] cloud-init[904]: |O*oX .           |
[   15.523838] cloud-init[904]: |E+B+= . S        |
[   15.527937] cloud-init[904]: |.=.Bo  .         |
[   15.530380] cloud-init[904]: |+ o.+            |
[   15.545068] cloud-init[904]: |o.   .           |
[   15.546165] cloud-init[904]: |o                |
[   15.548287] cloud-init[904]: +----[SHA256]-----+
[   15.560955] cloud-init[904]: Generating public/private ecdsa key pair.
[   15.572503] cloud-init[904]: Your identification has been saved in /etc/ssh/ssh_host_ecdsa_key.
[   15.588457] cloud-init[904]: Your public key has been saved in /etc/ssh/ssh_host_ecdsa_key.pub.
[   15.600946] cloud-init[904]: The key fingerprint is:
[   15.602145] cloud-init[904]: SHA256:tE2PkQC+TzV6tMJCDU4bofGGX0m5PWuhq6GFqG+AvD8 root@ubuntu-bionic
[   15.604495] cloud-init[904]: The key's randomart image is:
[   15.622986] [[0;32m  OK  [0m] Started Login Service.
cloud-init[904]: +---[ECDSA 256]---+
[   15.624912] cloud-init[904]: |    . *oo.       |
[   15.626284] cloud-init[904]: |     O *.o .     |
         Starting Permit User Sessions...
[[   15.636347] [0;32m  OK  [0mcloud-init] Reached target Login Prompts (Pre).
[904]: |    o B =oB      |
         Starting LXD - container startup/shutdown...
[   15.642212] cloud-init[904]: |     + =.B+*     |
[   15.656404] cloud-init[904]: |o     + S.=+.    |
[   15.657556] cloud-init[904]: |o. . . +.oo      |
[   15.658903] cloud-init[904]: | .o . o .o       |
[   15.659909] cloud-init[904]: | o.E o ..        |
[   15.660989] cloud-init[904]: |.oo.o ..         |
[   15.661982] cloud-init[904]: +----[SHA256]-----+
[   15.663254] cloud-init[904]: Generating public/private ed25519 key pair.
[   15.676428] cloud-init[904]: Your identification has been saved in /etc/ssh/ssh_host_ed25519_key.
[   15.678298] cloud-init[904]: Your public key has been saved in /etc/ssh/ssh_host_ed25519_key.pub.
[   15.680139] cloud-init[904]: The key fingerprint is:
[   15.692450] cloud-init[904]: SHA256:PPKUC8MuI4nnpUwLwTraYyvougB2zMEfVFgms9R3pL0 root@ubuntu-bionic
[   15.709051] cloud-init[904]: The key's randomart image is:
[   15.712625] cloud-init[904]: +--[ED25519 256]--+
[   15.713610] cloud-init[904]: |     ==+  ..     |
[   15.714603] cloud-init[904]: |  . o.=. .o.     |
[   15.724586] cloud-init[904]: |   o o  ....     |
[   15.725745] cloud-init[904]: |. o o... .  .    |
[   15.727036] cloud-init[904]: |oo + .= S  E     |
[   15.728194] cloud-init[904]: |+o.. . * o       |
[   15.729151] cloud-init[904]: |B = + . o        |
[   15.730246] cloud-init[904]: |=Oo= o           |
[   15.745475] cloud-init[904]: |*=Bo             |
[   15.746612] cloud-init[904]: +----[SHA256]-----+
         Starting Dispatcher daemon for systemd-networkd...
[[0;32m  OK  [0m] Started Unattended Upgrades Shutdown.
         Starting Snap Daemon...
         Starting Pollinate to seed the pseudo random number generator...
[[0;32m  OK  [0m] Started irqbalance daemon.
[[0;32m  OK  [0m] Started System Logging Service.
[[0;32m  OK  [0m] Started Permit User Sessions.
[[0;32m  OK  [0m] Started LXD - container startup/shutdown.
         Starting Authorization Manager...
         Starting Hold until boot process finishes up...
         Starting Terminate Plymouth Boot Screen...
[[0;32m  OK  [0m] Started Hold until boot process finishes up.
[[0;32m  OK  [0m] Started Serial Getty on ttyS0.
         Starting Set console scheme...
[[0;32m  OK  [0m] Started LSB: automatic crash report generation.
[[0;32m  OK  [0m] Started Terminate Plymouth Boot Screen.
[[0;32m  OK  [0m] Started Set console scheme.
[[0;32m  OK  [0m] Created slice system-getty.slice.
[[0;32m  OK  [0m] Started Getty on tty1.
[[0;32m  OK  [0m] Reached target Login Prompts.
[[0;32m  OK  [0m] Started LSB: Record successful boot for GRUB.
[[0;32m  OK  [0m] Started Authorization Manager.
[[0;32m  OK  [0m] Started Accounts Service.
[[0;32m  OK  [0m] Started Virtualbox guest utils.
[[0;32m  OK  [0m] Started Dispatcher daemon for systemd-networkd.
[[0;32m  OK  [0m] Started Pollinate to seed the pseudo random number generator.
         Starting OpenBSD Secure Shell server...
[[0;32m  OK  [0m] Started OpenBSD Secure Shell server.
[[0;32m  OK  [0m] Started Snap Daemon.
         Starting Wait until snapd is fully seeded...
[[0;32m  OK  [0m] Created slice User Slice of vagrant.
         Starting User Manager for UID 1000...
[[0;32m  OK  [0m] Started Session 1 of user vagrant.
[[0;32m  OK  [0m] Started User Manager for UID 1000.
         Starting Time & Date Service...
[[0;32m  OK  [0m] Started Time & Date Service.

Ubuntu 18.04.6 LTS ubuntu-bionic ttyS0

ubuntu-bionic login: [   52.651042] cloud-init[2102]: Cloud-init v. 23.1.2-0ubuntu0~18.04.1 running 'modules:config' at Wed, 22 Oct 2025 13:42:42 +0000. Up 52.09 seconds.
ci-info: no authorized SSH keys fingerprints found for user ubuntu.
<14>Oct 22 13:42:44 cloud-init: #############################################################
<14>Oct 22 13:42:44 cloud-init: -----BEGIN SSH HOST KEY FINGERPRINTS-----
<14>Oct 22 13:42:44 cloud-init: 1024 SHA256:goh8vEHQihPxrqJWYQwxAxtG+Yx5PvmQFLBMpvqAGow root@ubuntu-bionic (DSA)
<14>Oct 22 13:42:44 cloud-init: 256 SHA256:tE2PkQC+TzV6tMJCDU4bofGGX0m5PWuhq6GFqG+AvD8 root@ubuntu-bionic (ECDSA)
<14>Oct 22 13:42:44 cloud-init: 256 SHA256:PPKUC8MuI4nnpUwLwTraYyvougB2zMEfVFgms9R3pL0 root@ubuntu-bionic (ED25519)
<14>Oct 22 13:42:44 cloud-init: 2048 SHA256:yG2uOAU6jVv6dOHdx+1bcRkZnxiFfbB/AbNbf+45Vhg root@ubuntu-bionic (RSA)
<14>Oct 22 13:42:44 cloud-init: -----END SSH HOST KEY FINGERPRINTS-----
<14>Oct 22 13:42:44 cloud-init: #############################################################
-----BEGIN SSH HOST KEY KEYS-----
ecdsa-sha2-nistp256 AAAAE2VjZHNhLXNoYTItbmlzdHAyNTYAAAAIbmlzdHAyNTYAAABBBNv49I+Pf1uDOnLpGXAx25FI5isNcCYVLeAXjSq0OAd6ZhMjdNDCh+k2b43XQnw6asUfRl+L/IqNawA8OcfjJAE= root@ubuntu-bionic
ssh-ed25519 AAAAC3NzaC1lZDI1NTE5AAAAIP6nfvzEQhs7HBlAsUrx/TCbm7ANXMm9MyWCCmFzQzsQ root@ubuntu-bionic
ssh-rsa AAAAB3NzaC1yc2EAAAADAQABAAABAQCzGggAx9mQFLjcKeEdgnWXvqfChRyJEfJkoR3mXhXGehfnJCBi1NUtgfVSPhWyIF6k3s8rOaLAQk0hWaISfNDas02/H915DnrIndP756QoR1aCCehSFkWb1dnXnjq7E6H98lF/XhY//bsZNlBkAwcMsRivHBVeV05i41bJgrLsGth3tw2iU3tZBAIdnzDzwhw2JGZMhjEUHwffuVHSkPpBSnaDlUpaZkIo46ZucZKOM77MItvbRQZmiZH14ajABIxTlYrkVEhrL+zJfEMRPinxwwTtLZHJSgemVMBsguK5YTQI4HTF3WoTObPO9bo9rL2JFrMFZZST/fjc9WZPPhOF root@ubuntu-bionic
-----END SSH HOST KEY KEYS-----
[   53.683323] cloud-init[2162]: Cloud-init v. 23.1.2-0ubuntu0~18.04.1 running 'modules:final' at Wed, 22 Oct 2025 13:42:44 +0000. Up 53.39 seconds.
[   53.683512] cloud-init[2162]: Cloud-init v. 23.1.2-0ubuntu0~18.04.1 finished at Wed, 22 Oct 2025 13:42:44 +0000. Datasource DataSourceNoCloud [seed=/dev/sdb][dsmode=net].  Up 53.66 seconds
